{"bones":[{"name":"root"},{"name":"bone","parent":"root","length":99.94,"x":-31.63,"y":1.1,"rotation":90.45},{"name":"body","parent":"bone","length":137.18,"x":164.75,"y":-193.77,"rotation":111.09},{"name":"thigh_back","parent":"bone","length":53.8,"x":164.83,"y":-183.43,"rotation":-156.2},{"name":"thigh_back2","parent":"bone","length":45,"x":162.97,"y":-142.62,"rotation":-153.97},{"name":"thigh_front","parent":"bone","length":55.37,"x":118.21,"y":-93.3,"rotation":-169.73},{"name":"thigh_front2","parent":"bone","length":51.45,"x":135.35,"y":-58.62,"rotation":-172.8},{"name":"head","parent":"body","length":86.17,"x":118.85,"y":-13,"rotation":-87.27},{"name":"leg_back","parent":"thigh_back","length":49.32,"x":60.6,"y":0.74,"rotation":-36.27},{"name":"leg_back2","parent":"thigh_back2","length":48.56,"x":46.47,"y":1.77,"rotation":-37.08},{"name":"leg_front","parent":"thigh_front","length":56.84,"x":57.41,"y":-0.89,"rotation":-15.82},{"name":"leg_front2","parent":"thigh_front2","length":61.96,"x":50.61,"y":0.87,"rotation":-8.67},{"name":"tail","parent":"body","length":62.04,"x":-5.43,"y":-27.09,"rotation":99.92},{"name":"ear","parent":"head","length":40.43,"x":68.99,"y":-20.36,"rotation":161.15},{"name":"ear2","parent":"head","length":45.78,"x":100.83,"y":5.26,"rotation":162.13}],"slots":[{"name":"ear2","bone":"ear2","attachment":"ear2"},{"name":"leg_front2","bone":"leg_front2","attachment":"leg_front2"},{"name":"thigh_front2","bone":"thigh_front2","attachment":"thigh_front2"},{"name":"leg_back2","bone":"leg_back2","attachment":"leg_back2"},{"name":"thigh_back2","bone":"thigh_back2","attachment":"thigh_back2"},{"name":"tail","bone":"tail","attachment":"tail"},{"name":"body","bone":"body","attachment":"body"},{"name":"leg_front","bone":"leg_front","attachment":"leg_front"},{"name":"thigh_front","bone":"thigh_front","attachment":"thigh_front"},{"name":"head","bone":"head","attachment":"head"},{"name":"ear","bone":"ear","attachment":"ear"},{"name":"leg_back","bone":"leg_back","attachment":"leg_back"},{"name":"thigh_back","bone":"thigh_back","attachment":"thigh_back"}],"skins":{"default":{"body":{"body":{"x":75.47,"y":-1.64,"rotation":153.62,"width":174,"height":140}},"ear":{"ear":{"x":19.26,"y":-1.42,"rotation":82.27,"width":34,"height":56}},"ear2":{"ear2":{"x":19.83,"y":-0.01,"rotation":81.29,"width":36,"height":56}},"head":{"head":{"x":28.01,"y":12.2,"rotation":-116.57,"width":111,"height":147}},"leg_back":{"leg_back":{"x":22.45,"y":0.02,"rotation":102.02,"width":32,"height":59}},"leg_back2":{"leg_back2":{"x":22.86,"y":0.52,"rotation":100.61,"width":32,"height":59}},"leg_front":{"leg_front":{"x":18.39,"y":0.32,"rotation":95.1,"width":30,"height":89}},"leg_front2":{"leg_front2":{"x":27.75,"y":-0.63,"scaleX":0.977,"scaleY":0.977,"rotation":91.02,"width":30,"height":89}},"tail":{"tail":{"x":35.17,"y":4.25,"rotation":38.55,"width":76,"height":51}},"thigh_back":{"thigh_back":{"x":20.22,"y":-4.43,"rotation":65.75,"width":60,"height":82}},"thigh_back2":{"thigh_back2":{"x":16.02,"y":-3.14,"rotation":63.52,"width":60,"height":82}},"thigh_front":{"thigh_front":{"x":20.07,"y":1.56,"rotation":79.28,"width":52,"height":89}},"thigh_front2":{"thigh_front2":{"x":20.98,"y":1.17,"scaleX":0.977,"scaleY":0.977,"rotation":82.34,"width":52,"height":89}}}},"animations":{"stand":{"bones":{"root":{"rotate":[{"time":0,"angle":0,"curve":"stepped"},{"time":0.6666,"angle":0,"curve":"stepped"},{"time":1.1666,"angle":0,"curve":"stepped"},{"time":2,"angle":0}],"translate":[{"time":0,"x":0,"y":0,"curve":"stepped"},{"time":0.6666,"x":0,"y":0,"curve":"stepped"},{"time":1.1666,"x":0,"y":0,"curve":"stepped"},{"time":2,"x":0,"y":0}],"scale":[{"time":0,"x":1,"y":1,"curve":"stepped"},{"time":0.6666,"x":1,"y":1,"curve":"stepped"},{"time":1.1666,"x":1,"y":1,"curve":"stepped"},{"time":2,"x":1,"y":1}]},"bone":{"rotate":[{"time":0,"angle":0,"curve":"stepped"},{"time":0.6666,"angle":0,"curve":"stepped"},{"time":1.1666,"angle":0,"curve":"stepped"},{"time":2,"angle":0}],"translate":[{"time":0,"x":0,"y":0,"curve":"stepped"},{"time":0.6666,"x":0,"y":0,"curve":"stepped"},{"time":1.1666,"x":0,"y":0,"curve":"stepped"},{"time":2,"x":0,"y":0}],"scale":[{"time":0,"x":1,"y":1,"curve":"stepped"},{"time":0.6666,"x":1,"y":1,"curve":"stepped"},{"time":1.1666,"x":1,"y":1,"curve":"stepped"},{"time":2,"x":1,"y":1}]},"body":{"rotate":[{"time":0,"angle":0,"curve":"stepped"},{"time":0.6666,"angle":0},{"time":1.1666,"angle":-3.27},{"time":2,"angle":0}],"translate":[{"time":0,"x":0,"y":0},{"time":0.6666,"x":-2.17,"y":0.01,"curve":"stepped"},{"time":1.1666,"x":-2.17,"y":0.01},{"time":2,"x":0,"y":0}],"scale":[{"time":0,"x":1,"y":1,"curve":"stepped"},{"time":0.6666,"x":1,"y":1,"curve":"stepped"},{"time":1.1666,"x":1,"y":1,"curve":"stepped"},{"time":2,"x":1,"y":1}]},"thigh_back":{"rotate":[{"time":0,"angle":0},{"time":0.6666,"angle":4.84,"curve":"stepped"},{"time":1.1666,"angle":4.84},{"time":2,"angle":0}],"translate":[{"time":0,"x":0,"y":0},{"time":0.6666,"x":-4.87,"y":2.21,"curve":"stepped"},{"time":1.1666,"x":-4.87,"y":2.21},{"time":2,"x":0,"y":0}],"scale":[{"time":0,"x":1,"y":1,"curve":"stepped"},{"time":0.6666,"x":1,"y":1,"curve":"stepped"},{"time":1.1666,"x":1,"y":1,"curve":"stepped"},{"time":2,"x":1,"y":1}]},"thigh_back2":{"rotate":[{"time":0,"angle":0,"curve":"stepped"},{"time":0.6666,"angle":0,"curve":"stepped"},{"time":1.1666,"angle":0,"curve":"stepped"},{"time":2,"angle":0}],"translate":[{"time":0,"x":0,"y":0},{"time":0.6666,"x":-3.24,"y":2.74,"curve":"stepped"},{"time":1.1666,"x":-3.24,"y":2.74},{"time":2,"x":0,"y":0}],"scale":[{"time":0,"x":1,"y":1,"curve":"stepped"},{"time":0.6666,"x":1,"y":1,"curve":"stepped"},{"time":1.1666,"x":1,"y":1,"curve":"stepped"},{"time":2,"x":1,"y":1}]},"thigh_front":{"rotate":[{"time":0,"angle":0,"curve":"stepped"},{"time":0.6666,"angle":0,"curve":"stepped"},{"time":1.1666,"angle":0,"curve":"stepped"},{"time":2,"angle":0}],"translate":[{"time":0,"x":0,"y":0},{"time":0.6666,"x":-3.8,"y":0.02},{"time":1.1666,"x":0,"y":1.08},{"time":2,"x":0,"y":0}],"scale":[{"time":0,"x":1,"y":1,"curve":"stepped"},{"time":0.6666,"x":1,"y":1,"curve":"stepped"},{"time":1.1666,"x":1,"y":1,"curve":"stepped"},{"time":2,"x":1,"y":1}]},"thigh_front2":{"rotate":[{"time":0,"angle":0,"curve":"stepped"},{"time":0.6666,"angle":0,"curve":"stepped"},{"time":1.1666,"angle":0,"curve":"stepped"},{"time":2,"angle":0}],"translate":[{"time":0,"x":0,"y":0},{"time":0.6666,"x":-3.28,"y":-2.15},{"time":1.1666,"x":-0.01,"y":-1.63},{"time":2,"x":0,"y":0}],"scale":[{"time":0,"x":1,"y":1,"curve":"stepped"},{"time":0.6666,"x":1,"y":1,"curve":"stepped"},{"time":1.1666,"x":1,"y":1,"curve":"stepped"},{"time":2,"x":1,"y":1}]},"head":{"rotate":[{"time":0,"angle":0},{"time":0.6666,"angle":3.15},{"time":1.1666,"angle":0.74},{"time":2,"angle":0}],"translate":[{"time":0,"x":0,"y":0,"curve":"stepped"},{"time":0.6666,"x":0,"y":0},{"time":1.1666,"x":0.39,"y":4.29},{"time":2,"x":0,"y":0}],"scale":[{"time":0,"x":1,"y":1,"curve":"stepped"},{"time":0.6666,"x":1,"y":1,"curve":"stepped"},{"time":1.1666,"x":1,"y":1,"curve":"stepped"},{"time":2,"x":1,"y":1}]},"leg_back":{"rotate":[{"time":0,"angle":0},{"time":0.6666,"angle":-4.84,"curve":"stepped"},{"time":1.1666,"angle":-4.84},{"time":2,"angle":0}],"translate":[{"time":0,"x":0,"y":0},{"time":0.6666,"x":-3.37,"y":-0.85,"curve":"stepped"},{"time":1.1666,"x":-3.37,"y":-0.85},{"time":2,"x":0,"y":0}],"scale":[{"time":0,"x":1,"y":1,"curve":"stepped"},{"time":0.6666,"x":1,"y":1,"curve":"stepped"},{"time":1.1666,"x":1,"y":1,"curve":"stepped"},{"time":2,"x":1,"y":1}]},"leg_back2":{"rotate":[{"time":0,"angle":0,"curve":"stepped"},{"time":0.6666,"angle":0,"curve":"stepped"},{"time":1.1666,"angle":0,"curve":"stepped"},{"time":2,"angle":0}],"translate":[{"time":0,"x":0,"y":0},{"time":0.6666,"x":-1.7,"y":3.89,"curve":"stepped"},{"time":1.1666,"x":-1.7,"y":3.89},{"time":2,"x":0,"y":0}],"scale":[{"time":0,"x":1,"y":1,"curve":"stepped"},{"time":0.6666,"x":1,"y":1,"curve":"stepped"},{"time":1.1666,"x":1,"y":1,"curve":"stepped"},{"time":2,"x":1,"y":1}]},"leg_front":{"rotate":[{"time":0,"angle":0,"curve":"stepped"},{"time":0.6666,"angle":0,"curve":"stepped"},{"time":1.1666,"angle":0,"curve":"stepped"},{"time":2,"angle":0}],"translate":[{"time":0,"x":0,"y":0},{"time":0.6666,"x":-3.74,"y":0.7},{"time":1.1666,"x":0.2,"y":1.06},{"time":2,"x":0,"y":0}],"scale":[{"time":0,"x":1,"y":1,"curve":"stepped"},{"time":0.6666,"x":1,"y":1,"curve":"stepped"},{"time":1.1666,"x":1,"y":1,"curve":"stepped"},{"time":2,"x":1,"y":1}]},"leg_front2":{"rotate":[{"time":0,"angle":0,"curve":"stepped"},{"time":0.6666,"angle":0,"curve":"stepped"},{"time":1.1666,"angle":0,"curve":"stepped"},{"time":2,"angle":0}],"translate":[{"time":0,"x":0,"y":0},{"time":0.6666,"x":-3.52,"y":-1.72},{"time":1.1666,"x":-0.21,"y":-1.61},{"time":2,"x":0,"y":0}],"scale":[{"time":0,"x":1,"y":1,"curve":"stepped"},{"time":0.6666,"x":1,"y":1,"curve":"stepped"},{"time":1.1666,"x":1,"y":1,"curve":"stepped"},{"time":2,"x":1,"y":1}]},"tail":{"rotate":[{"time":0,"angle":0},{"time":0.6666,"angle":-13.17},{"time":1.1666,"angle":14.98},{"time":2,"angle":0}],"translate":[{"time":0,"x":0,"y":0,"curve":"stepped"},{"time":0.6666,"x":0,"y":0},{"time":1.1666,"x":0.98,"y":-0.17},{"time":2,"x":0,"y":0}],"scale":[{"time":0,"x":1,"y":1,"curve":"stepped"},{"time":0.6666,"x":1,"y":1,"curve":"stepped"},{"time":1.1666,"x":1,"y":1,"curve":"stepped"},{"time":2,"x":1,"y":1}]},"ear":{"rotate":[{"time":0,"angle":0},{"time":0.6666,"angle":-15.07},{"time":1.1666,"angle":-7.21},{"time":2,"angle":0}],"translate":[{"time":0,"x":0,"y":0,"curve":"stepped"},{"time":0.6666,"x":0,"y":0,"curve":"stepped"},{"time":1.1666,"x":0,"y":0,"curve":"stepped"},{"time":2,"x":0,"y":0}],"scale":[{"time":0,"x":1,"y":1,"curve":"stepped"},{"time":0.6666,"x":1,"y":1,"curve":"stepped"},{"time":1.1666,"x":1,"y":1,"curve":"stepped"},{"time":2,"x":1,"y":1}]},"ear2":{"rotate":[{"time":0,"angle":0},{"time":0.6666,"angle":3.76},{"time":1.1666,"angle":11},{"time":2,"angle":0}],"translate":[{"time":0,"x":0,"y":0},{"time":0.1666,"x":-0.34,"y":-0.74},{"time":0.6666,"x":0,"y":0},{"time":1.1666,"x":-2.26,"y":0.3},{"time":2,"x":0,"y":0}],"scale":[{"time":0,"x":1,"y":1,"curve":"stepped"},{"time":0.6666,"x":1,"y":1,"curve":"stepped"},{"time":1.1666,"x":1,"y":1,"curve":"stepped"},{"time":2,"x":1,"y":1}]}}}}}